// Jest Snapshot v1, https://goo.gl/fbAQLP

exports[`rendered right 1`] = `
<div>
  <footer
    className="main-footer clearfix"
  >
    <div
      className="pull-right hidden-xs"
    >
      <strong>
        Copyright © 2017
      </strong>
        成都研究院-网站业务部-运营支持部
    </div>
  </footer>
  <div
    className="control-sidebar-bg"
  />
</div>
`;
